// Jest Snapshot v1, https://goo.gl/fbAQLP

exports[`renders the elements 1`] = `
Vue {
  "$attrs": Object {},
  "$children": Array [],
  "$createElement": [Function],
  "$listeners": Object {},
  "$options": Object {
    "_base": [Function],
    "components": Object {
      "Avatar": Object {
        "data": [Function],
        "methods": Object {
          "insertAvatar": [Function],
          "onSelectFile": [Function],
          "openSelection": [Function],
          "removeSelection": [Function],
        },
        "render": [Function],
        "staticRenderFns": Array [],
      },
      "Comments": Object {
        "data": [Function],
        "mounted": [Function],
        "render": [Function],
        "staticRenderFns": Array [
          [Function],
        ],
      },
      "Nav": Object {
        "data": [Function],
        "methods": Object {
          "logout": [Function],
          "popLogOutBtn": [Function],
        },
        "render": [Function],
        "staticRenderFns": Array [],
      },
      "Posts": Object {
        "components": Object {
          "Avatar": Object {
            "data": [Function],
            "methods": Object {
              "insertAvatar": [Function],
              "onSelectFile": [Function],
              "openSelection": [Function],
              "removeSelection": [Function],
            },
            "render": [Function],
            "staticRenderFns": Array [],
          },
        },
        "data": [Function],
        "methods": Object {
          "flashModal": [Function],
          "submit": [Function],
        },
        "props": Object {
          "likes": Object {
            "default": [Function],
            "type": [Function],
          },
          "post": Object {
            "default": [Function],
            "type": [Function],
          },
        },
        "render": [Function],
        "staticRenderFns": Array [
          [Function],
        ],
      },
      "Search": Object {
        "render": [Function],
        "staticRenderFns": Array [
          [Function],
        ],
      },
    },
    "data": [Function],
    "directives": Object {},
    "filters": Object {},
    "mounted": Array [
      [Function],
    ],
    "render": [Function],
    "staticRenderFns": Array [],
  },
  "$parent": undefined,
  "$refs": Object {},
  "$root": [Circular],
  "$scopedSlots": Object {},
  "$slots": Object {},
  "$vnode": undefined,
  "_c": [Function],
  "_data": Object {
    "historyOfPosts": "",
  },
  "_directInactive": false,
  "_events": Object {},
  "_hasHookEvent": false,
  "_inactive": null,
  "_isBeingDestroyed": false,
  "_isDestroyed": false,
  "_isMounted": false,
  "_isVue": true,
  "_renderProxy": Vue {
    "$attrs": Object {},
    "$children": Array [],
    "$createElement": [Function],
    "$listeners": Object {},
    "$options": Object {
      "_base": [Function],
      "components": Object {
        "Avatar": Object {
          "data": [Function],
          "methods": Object {
            "insertAvatar": [Function],
            "onSelectFile": [Function],
            "openSelection": [Function],
            "removeSelection": [Function],
          },
          "render": [Function],
          "staticRenderFns": Array [],
        },
        "Comments": Object {
          "data": [Function],
          "mounted": [Function],
          "render": [Function],
          "staticRenderFns": Array [
            [Function],
          ],
        },
        "Nav": Object {
          "data": [Function],
          "methods": Object {
            "logout": [Function],
            "popLogOutBtn": [Function],
          },
          "render": [Function],
          "staticRenderFns": Array [],
        },
        "Posts": Object {
          "components": Object {
            "Avatar": Object {
              "data": [Function],
              "methods": Object {
                "insertAvatar": [Function],
                "onSelectFile": [Function],
                "openSelection": [Function],
                "removeSelection": [Function],
              },
              "render": [Function],
              "staticRenderFns": Array [],
            },
          },
          "data": [Function],
          "methods": Object {
            "flashModal": [Function],
            "submit": [Function],
          },
          "props": Object {
            "likes": Object {
              "default": [Function],
              "type": [Function],
            },
            "post": Object {
              "default": [Function],
              "type": [Function],
            },
          },
          "render": [Function],
          "staticRenderFns": Array [
            [Function],
          ],
        },
        "Search": Object {
          "render": [Function],
          "staticRenderFns": Array [
            [Function],
          ],
        },
      },
      "data": [Function],
      "directives": Object {},
      "filters": Object {},
      "mounted": Array [
        [Function],
      ],
      "render": [Function],
      "staticRenderFns": Array [],
    },
    "$parent": undefined,
    "$refs": Object {},
    "$root": [Circular],
    "$scopedSlots": Object {},
    "$slots": Object {},
    "$vnode": undefined,
    "_c": [Function],
    "_data": Object {
      "historyOfPosts": "",
    },
    "_directInactive": false,
    "_events": Object {},
    "_hasHookEvent": false,
    "_inactive": null,
    "_isBeingDestroyed": false,
    "_isDestroyed": false,
    "_isMounted": false,
    "_isVue": true,
    "_renderProxy": [Circular],
    "_self": [Circular],
    "_staticTrees": null,
    "_uid": 0,
    "_vnode": null,
    "_watcher": null,
    "_watchers": Array [],
    "historyOfPosts": "",
  },
  "_self": [Circular],
  "_staticTrees": null,
  "_uid": 0,
  "_vnode": null,
  "_watcher": null,
  "_watchers": Array [],
  "historyOfPosts": "",
}
`;
